npm error code ENOENT
npm error syscall open
npm error path C:\Users\aayza\OneDrive\Документы\Rentoo_\package.json
npm error errno -4058
npm error enoent Could not read package.json: Error: ENOENT: no such file or directory, open 'C:\Users\aayza\OneDrive\Документы\Rentoo_\package.json'
npm error enoent This is related to npm not being able to find a file.
npm error enoent
npm error A complete log of this run can be found in: C:\Users\aayza\AppData\Local\npm-cache\_logs\2025-11-28T20_51_40_871Z-debug-0.log
